---
source: src/parser/parser2.rs
expression: parse2(i2.lines())
---
Err(
    BackendError {
        main_location: LineOnly(
            5,
        ),
        relevant_lines: 5..=5,
        kind: ParseError(
            Error(
                VerboseError {
                    errors: [
                        (
                            "o-|",
                            Char(
                                '|',
                            ),
                        ),
                    ],
                },
            ),
        ),
        diagnostics: [],
    },
)
