---
source: src/raw_tracks.rs
expression: parse2(input.lines()).unwrap().1.gen_raw_tracks()
---
Ok(
    (
        [
            'e',
            'B',
            'G',
            'D',
            'A',
            'E',
        ],
        [
            [
                Measure {
                    content: [
                        RawTick {
                            element: Rest,
                            parent_line: 1,
                            idx_on_parent_line: 2,
                        },
                        RawTick {
                            element: Rest,
                            parent_line: 1,
                            idx_on_parent_line: 4,
                        },
                        RawTick {
                            element: Rest,
                            parent_line: 1,
                            idx_on_parent_line: 5,
                        },
                        RawTick {
                            element: Fret(
                                5,
                            ),
                            parent_line: 1,
                            idx_on_parent_line: 6,
                        },
                        RawTick {
                            element: Rest,
                            parent_line: 1,
                            idx_on_parent_line: 7,
                        },
                    ],
                    parent_line: 1,
                    index_on_parent_line: 0,
                },
            ],
            [
                Measure {
                    content: [
                        RawTick {
                            element: Rest,
                            parent_line: 2,
                            idx_on_parent_line: 2,
                        },
                        RawTick {
                            element: Rest,
                            parent_line: 2,
                            idx_on_parent_line: 4,
                        },
                        RawTick {
                            element: Fret(
                                3,
                            ),
                            parent_line: 2,
                            idx_on_parent_line: 5,
                        },
                        RawTick {
                            element: Rest,
                            parent_line: 2,
                            idx_on_parent_line: 6,
                        },
                        RawTick {
                            element: Rest,
                            parent_line: 2,
                            idx_on_parent_line: 7,
                        },
                    ],
                    parent_line: 2,
                    index_on_parent_line: 0,
                },
            ],
            [
                Measure {
                    content: [
                        RawTick {
                            element: Fret(
                                10,
                            ),
                            parent_line: 3,
                            idx_on_parent_line: 2,
                        },
                        RawTick {
                            element: Rest,
                            parent_line: 3,
                            idx_on_parent_line: 3,
                        },
                        RawTick {
                            element: Rest,
                            parent_line: 3,
                            idx_on_parent_line: 4,
                        },
                        RawTick {
                            element: Rest,
                            parent_line: 3,
                            idx_on_parent_line: 5,
                        },
                        RawTick {
                            element: Fret(
                                12,
                            ),
                            parent_line: 3,
                            idx_on_parent_line: 6,
                        },
                    ],
                    parent_line: 3,
                    index_on_parent_line: 0,
                },
            ],
            [
                Measure {
                    content: [
                        RawTick {
                            element: Rest,
                            parent_line: 4,
                            idx_on_parent_line: 2,
                        },
                        RawTick {
                            element: Rest,
                            parent_line: 4,
                            idx_on_parent_line: 4,
                        },
                        RawTick {
                            element: Rest,
                            parent_line: 4,
                            idx_on_parent_line: 5,
                        },
                        RawTick {
                            element: Rest,
                            parent_line: 4,
                            idx_on_parent_line: 6,
                        },
                        RawTick {
                            element: Rest,
                            parent_line: 4,
                            idx_on_parent_line: 7,
                        },
                    ],
                    parent_line: 4,
                    index_on_parent_line: 0,
                },
            ],
            [
                Measure {
                    content: [
                        RawTick {
                            element: Rest,
                            parent_line: 5,
                            idx_on_parent_line: 2,
                        },
                        RawTick {
                            element: Rest,
                            parent_line: 5,
                            idx_on_parent_line: 4,
                        },
                        RawTick {
                            element: Rest,
                            parent_line: 5,
                            idx_on_parent_line: 5,
                        },
                        RawTick {
                            element: Rest,
                            parent_line: 5,
                            idx_on_parent_line: 6,
                        },
                        RawTick {
                            element: Rest,
                            parent_line: 5,
                            idx_on_parent_line: 7,
                        },
                    ],
                    parent_line: 5,
                    index_on_parent_line: 0,
                },
            ],
            [
                Measure {
                    content: [
                        RawTick {
                            element: Rest,
                            parent_line: 6,
                            idx_on_parent_line: 2,
                        },
                        RawTick {
                            element: Rest,
                            parent_line: 6,
                            idx_on_parent_line: 4,
                        },
                        RawTick {
                            element: Rest,
                            parent_line: 6,
                            idx_on_parent_line: 5,
                        },
                        RawTick {
                            element: Rest,
                            parent_line: 6,
                            idx_on_parent_line: 6,
                        },
                        RawTick {
                            element: Rest,
                            parent_line: 6,
                            idx_on_parent_line: 7,
                        },
                    ],
                    parent_line: 6,
                    index_on_parent_line: 0,
                },
            ],
        ],
    ),
)
